2016-01-01 00:04:50 UTC;3;53.52769;10.00029;0;0;290;;;